// Jest Snapshot v1, https://goo.gl/fbAQLP

exports[`<Header /> renders without crashing 1`] = `
<div
  className="container"
>
  <h1
    className="title"
  >
    Minimal Todo App
  </h1>
</div>
`;
